#
# There is insufficient memory for the Java Runtime Environment to continue.
# Native memory allocation (malloc) failed to allocate 1142416 bytes. Error detail: Chunk::new
# Possible reasons:
#   The system is out of physical RAM or swap space
#   This process is running with CompressedOops enabled, and the Java Heap may be blocking the growth of the native heap
# Possible solutions:
#   Reduce memory load on the system
#   Increase physical memory or swap space
#   Check if swap backing store is full
#   Decrease Java heap size (-Xmx/-Xms)
#   Decrease number of Java threads
#   Decrease Java thread stack sizes (-Xss)
#   Set larger code cache with -XX:ReservedCodeCacheSize=
#   JVM is running with Unscaled Compressed Oops mode in which the Java heap is
#     placed in the first 4GB address space. The Java Heap base address is the
#     maximum limit for the native heap growth. Please use -XX:HeapBaseMinAddress
#     to set the Java Heap base and to place the Java Heap above 4GB virtual address.
# This output file may be truncated or incomplete.
#
#  Out of Memory Error (arena.cpp:168), pid=7012, tid=12816
#
# JRE version: OpenJDK Runtime Environment (21.0.5) (build 21.0.5+-13047016-b750.29)
# Java VM: OpenJDK 64-Bit Server VM (21.0.5+-13047016-b750.29, mixed mode, tiered, compressed oops, compressed class ptrs, g1 gc, windows-amd64)
# No core dump will be written. Minidumps are not enabled by default on client versions of Windows
#

---------------  S U M M A R Y ------------

Command Line: org.jetbrains.kotlin.cli.jvm.K2JVMCompiler @C:\Users\77012\AndroidStudioProjects\PlaylistMaker_db4_dialog\app\build\20250817_17839843043401194380.compiler.options

Host: 11th Gen Intel(R) Core(TM) i5-11300H @ 3.10GHz, 8 cores, 7G,  Windows 10 , 64 bit Build 19041 (10.0.19041.5915)
Time: Sun Aug 17 03:43:23 2025  Windows 10 , 64 bit Build 19041 (10.0.19041.5915) elapsed time: 17.919204 seconds (0d 0h 0m 17s)

---------------  T H R E A D  ---------------

Current thread (0x000002dbe74cae70):  JavaThread "C2 CompilerThread0" daemon [_thread_in_native, id=12816, stack(0x000000f13b900000,0x000000f13ba00000) (1024K)]


Current CompileTask:
C2:17919 13418       4       org.jetbrains.kotlin.resolve.lazy.descriptors.LazyClassMemberScope::generateDataClassMethods (532 bytes)

Stack: [0x000000f13b900000,0x000000f13ba00000]
Native frames: (J=compiled Java code, j=interpreted, Vv=VM code, C=native code)
V  [jvm.dll+0x6cfb29]
V  [jvm.dll+0x85df93]
V  [jvm.dll+0x8604ee]
V  [jvm.dll+0x860bd3]
V  [jvm.dll+0x27e6b6]
V  [jvm.dll+0xbff6d]
V  [jvm.dll+0xc04a3]
V  [jvm.dll+0x3b5fc1]
V  [jvm.dll+0x1de664]
V  [jvm.dll+0x247db4]
V  [jvm.dll+0x247231]
V  [jvm.dll+0x1c5ee4]
V  [jvm.dll+0x25697c]
V  [jvm.dll+0x254ec6]
V  [jvm.dll+0x3f0ce6]
V  [jvm.dll+0x806368]
V  [jvm.dll+0x6ce3fd]
C  [ucrtbase.dll+0x21bb2]
C  [KERNEL32.DLL+0x17374]
C  [ntdll.dll+0x4cc91]


---------------  P R O C E S S  ---------------

Threads class SMR info:
_java_thread_list=0x000002dbef0ba6e0, length=13, elements={
0x000002dbcdb415d0, 0x000002dbe74c4210, 0x000002dbe74c5c70, 0x000002dbe74ac7f0,
0x000002dbe74af670, 0x000002dbe74b00c0, 0x000002dbe74b0b10, 0x000002dbe74cae70,
0x000002dbe74ef5e0, 0x000002dbe766e1f0, 0x000002dbe7670a20, 0x000002dbef7395d0,
0x000002dbef73b110
}

Java Threads: ( => current thread )
  0x000002dbcdb415d0 JavaThread "main"                              [_thread_in_native, id=5436, stack(0x000000f13ab00000,0x000000f13ac00000) (1024K)]
  0x000002dbe74c4210 JavaThread "Reference Handler"          daemon [_thread_blocked, id=17200, stack(0x000000f13b300000,0x000000f13b400000) (1024K)]
  0x000002dbe74c5c70 JavaThread "Finalizer"                  daemon [_thread_blocked, id=10860, stack(0x000000f13b400000,0x000000f13b500000) (1024K)]
  0x000002dbe74ac7f0 JavaThread "Signal Dispatcher"          daemon [_thread_blocked, id=1572, stack(0x000000f13b500000,0x000000f13b600000) (1024K)]
  0x000002dbe74af670 JavaThread "Attach Listener"            daemon [_thread_blocked, id=3744, stack(0x000000f13b600000,0x000000f13b700000) (1024K)]
  0x000002dbe74b00c0 JavaThread "Service Thread"             daemon [_thread_blocked, id=1816, stack(0x000000f13b700000,0x000000f13b800000) (1024K)]
  0x000002dbe74b0b10 JavaThread "Monitor Deflation Thread"   daemon [_thread_blocked, id=10284, stack(0x000000f13b800000,0x000000f13b900000) (1024K)]
=>0x000002dbe74cae70 JavaThread "C2 CompilerThread0"         daemon [_thread_in_native, id=12816, stack(0x000000f13b900000,0x000000f13ba00000) (1024K)]
  0x000002dbe74ef5e0 JavaThread "C1 CompilerThread0"         daemon [_thread_blocked, id=16900, stack(0x000000f13ba00000,0x000000f13bb00000) (1024K)]
  0x000002dbe766e1f0 JavaThread "Notification Thread"        daemon [_thread_blocked, id=1316, stack(0x000000f13bb00000,0x000000f13bc00000) (1024K)]
  0x000002dbe7670a20 JavaThread "Common-Cleaner"             daemon [_thread_blocked, id=3956, stack(0x000000f13bc00000,0x000000f13bd00000) (1024K)]
  0x000002dbef7395d0 JavaThread "C2 CompilerThread1"         daemon [_thread_in_native, id=2888, stack(0x000000f13bd00000,0x000000f13be00000) (1024K)]
  0x000002dbef73b110 JavaThread "C2 CompilerThread2"         daemon [_thread_blocked, id=9756, stack(0x000000f13be00000,0x000000f13bf00000) (1024K)]
Total: 13

Other Threads:
  0x000002dbe73303b0 VMThread "VM Thread"                           [id=14136, stack(0x000000f13b200000,0x000000f13b300000) (1024K)]
  0x000002dbe72a0fb0 WatcherThread "VM Periodic Task Thread"        [id=12372, stack(0x000000f13b100000,0x000000f13b200000) (1024K)]
  0x000002dbcfdffa50 WorkerThread "GC Thread#0"                     [id=11836, stack(0x000000f13ac00000,0x000000f13ad00000) (1024K)]
  0x000002dbec3e5320 WorkerThread "GC Thread#1"                     [id=11448, stack(0x000000f13bf00000,0x000000f13c000000) (1024K)]
  0x000002dbec554d80 WorkerThread "GC Thread#2"                     [id=10208, stack(0x000000f13c000000,0x000000f13c100000) (1024K)]
  0x000002dbec555120 WorkerThread "GC Thread#3"                     [id=9456, stack(0x000000f13c100000,0x000000f13c200000) (1024K)]
  0x000002dbec5554c0 WorkerThread "GC Thread#4"                     [id=14352, stack(0x000000f13c200000,0x000000f13c300000) (1024K)]
  0x000002dbec555860 WorkerThread "GC Thread#5"                     [id=9652, stack(0x000000f13c300000,0x000000f13c400000) (1024K)]
  0x000002dbec5fb7a0 WorkerThread "GC Thread#6"                     [id=13084, stack(0x000000f13c400000,0x000000f13c500000) (1024K)]
  0x000002dbec5fb060 WorkerThread "GC Thread#7"                     [id=2648, stack(0x000000f13c500000,0x000000f13c600000) (1024K)]
  0x000002dbcfe100b0 ConcurrentGCThread "G1 Main Marker"            [id=16456, stack(0x000000f13ad00000,0x000000f13ae00000) (1024K)]
  0x000002dbcfe11260 WorkerThread "G1 Conc#0"                       [id=1784, stack(0x000000f13ae00000,0x000000f13af00000) (1024K)]
  0x000002dbec5fb400 WorkerThread "G1 Conc#1"                       [id=14588, stack(0x000000f13c600000,0x000000f13c700000) (1024K)]
  0x000002dbcfe7eb90 ConcurrentGCThread "G1 Refine#0"               [id=2952, stack(0x000000f13af00000,0x000000f13b000000) (1024K)]
  0x000002dbe7170790 ConcurrentGCThread "G1 Service"                [id=9532, stack(0x000000f13b000000,0x000000f13b100000) (1024K)]
Total: 15

Threads with active compile tasks:
C2 CompilerThread0  17944 13418       4       org.jetbrains.kotlin.resolve.lazy.descriptors.LazyClassMemberScope::generateDataClassMethods (532 bytes)
C2 CompilerThread1  17944 13484       4       org.jetbrains.kotlin.com.intellij.extapi.psi.StubBasedPsiElementBase::getStubOrPsiChildren (113 bytes)
C2 CompilerThread2  17944 13489       4       org.jetbrains.kotlin.descriptors.impl.SimpleFunctionDescriptorImpl::copy (24 bytes)
Total: 3

VM state: not at safepoint (normal execution)

VM Mutex/Monitor currently owned by a thread: None

Heap address: 0x0000000085000000, size: 1968 MB, Compressed Oops mode: 32-bit

CDS archive(s) not mapped
Compressed class space mapped at: 0x0000000100000000-0x0000000140000000, reserved size: 1073741824
Narrow klass base: 0x0000000000000000, Narrow klass shift: 3, Narrow klass range: 0x140000000

GC Precious Log:
 CardTable entry size: 512
 Card Set container configuration: InlinePtr #cards 5 size 8 Array Of Cards #cards 12 size 40 Howl #buckets 4 coarsen threshold 1843 Howl Bitmap #cards 512 size 80 coarsen threshold 460 Card regions per heap region 1 cards per card region 2048
 CPUs: 8 total, 8 available
 Memory: 7871M
 Large Page Support: Disabled
 NUMA Support: Disabled
 Compressed Oops: Enabled (32-bit)
 Heap Region Size: 1M
 Heap Min Capacity: 8M
 Heap Initial Capacity: 124M
 Heap Max Capacity: 1968M
 Pre-touch: Disabled
 Parallel Workers: 8
 Concurrent Workers: 2
 Concurrent Refinement Workers: 8
 Periodic GC: Disabled

Heap:
 garbage-first heap   total 159744K, used 102753K [0x0000000085000000, 0x0000000100000000)
  region size 1024K, 17 young (17408K), 7 survivors (7168K)
 Metaspace       used 71309K, committed 72128K, reserved 1114112K
  class space    used 7978K, committed 8384K, reserved 1048576K

Heap Regions: E=young(eden), S=young(survivor), O=old, HS=humongous(starts), HC=humongous(continues), CS=collection set, F=free, TAMS=top-at-mark-start, PB=parsable bottom
|   0|0x0000000085000000, 0x0000000085100000, 0x0000000085100000|100%|HS|  |TAMS 0x0000000085000000| PB 0x0000000085000000| Complete 
|   1|0x0000000085100000, 0x0000000085200000, 0x0000000085200000|100%|HC|  |TAMS 0x0000000085100000| PB 0x0000000085100000| Complete 
|   2|0x0000000085200000, 0x0000000085300000, 0x0000000085300000|100%|HC|  |TAMS 0x0000000085200000| PB 0x0000000085200000| Complete 
|   3|0x0000000085300000, 0x0000000085400000, 0x0000000085400000|100%| O|  |TAMS 0x0000000085300000| PB 0x0000000085300000| Untracked 
|   4|0x0000000085400000, 0x0000000085500000, 0x0000000085500000|100%| O|  |TAMS 0x0000000085400000| PB 0x0000000085400000| Untracked 
|   5|0x0000000085500000, 0x0000000085600000, 0x0000000085600000|100%|HS|  |TAMS 0x0000000085500000| PB 0x0000000085500000| Complete 
|   6|0x0000000085600000, 0x0000000085700000, 0x0000000085700000|100%| O|  |TAMS 0x0000000085600000| PB 0x0000000085600000| Untracked 
|   7|0x0000000085700000, 0x0000000085800000, 0x0000000085800000|100%| O|  |TAMS 0x0000000085700000| PB 0x0000000085700000| Untracked 
|   8|0x0000000085800000, 0x0000000085900000, 0x0000000085900000|100%| O|  |TAMS 0x0000000085800000| PB 0x0000000085800000| Untracked 
|   9|0x0000000085900000, 0x0000000085a00000, 0x0000000085a00000|100%| O|  |TAMS 0x0000000085900000| PB 0x0000000085900000| Untracked 
|  10|0x0000000085a00000, 0x0000000085b00000, 0x0000000085b00000|100%| O|  |TAMS 0x0000000085a00000| PB 0x0000000085a00000| Untracked 
|  11|0x0000000085b00000, 0x0000000085c00000, 0x0000000085c00000|100%| O|  |TAMS 0x0000000085b00000| PB 0x0000000085b00000| Untracked 
|  12|0x0000000085c00000, 0x0000000085d00000, 0x0000000085d00000|100%| O|  |TAMS 0x0000000085c00000| PB 0x0000000085c00000| Untracked 
|  13|0x0000000085d00000, 0x0000000085e00000, 0x0000000085e00000|100%| O|  |TAMS 0x0000000085d00000| PB 0x0000000085d00000| Untracked 
|  14|0x0000000085e00000, 0x0000000085f00000, 0x0000000085f00000|100%| O|  |TAMS 0x0000000085e00000| PB 0x0000000085e00000| Untracked 
|  15|0x0000000085f00000, 0x0000000086000000, 0x0000000086000000|100%| O|  |TAMS 0x0000000085f00000| PB 0x0000000085f00000| Untracked 
|  16|0x0000000086000000, 0x0000000086100000, 0x0000000086100000|100%| O|  |TAMS 0x0000000086000000| PB 0x0000000086000000| Untracked 
|  17|0x0000000086100000, 0x0000000086200000, 0x0000000086200000|100%| O|  |TAMS 0x0000000086100000| PB 0x0000000086100000| Untracked 
|  18|0x0000000086200000, 0x0000000086300000, 0x0000000086300000|100%| O|  |TAMS 0x0000000086200000| PB 0x0000000086200000| Untracked 
|  19|0x0000000086300000, 0x0000000086400000, 0x0000000086400000|100%| O|  |TAMS 0x0000000086300000| PB 0x0000000086300000| Untracked 
|  20|0x0000000086400000, 0x0000000086500000, 0x0000000086500000|100%| O|  |TAMS 0x0000000086400000| PB 0x0000000086400000| Untracked 
|  21|0x0000000086500000, 0x0000000086600000, 0x0000000086600000|100%| O|  |TAMS 0x0000000086500000| PB 0x0000000086500000| Untracked 
|  22|0x0000000086600000, 0x0000000086700000, 0x0000000086700000|100%| O|  |TAMS 0x0000000086600000| PB 0x0000000086600000| Untracked 
|  23|0x0000000086700000, 0x0000000086800000, 0x0000000086800000|100%| O|  |TAMS 0x0000000086700000| PB 0x0000000086700000| Untracked 
|  24|0x0000000086800000, 0x0000000086900000, 0x0000000086900000|100%| O|  |TAMS 0x0000000086800000| PB 0x0000000086800000| Untracked 
|  25|0x0000000086900000, 0x0000000086a00000, 0x0000000086a00000|100%|HS|  |TAMS 0x0000000086900000| PB 0x0000000086900000| Complete 
|  26|0x0000000086a00000, 0x0000000086b00000, 0x0000000086b00000|100%|HC|  |TAMS 0x0000000086a00000| PB 0x0000000086a00000| Complete 
|  27|0x0000000086b00000, 0x0000000086c00000, 0x0000000086c00000|100%| O|  |TAMS 0x0000000086b00000| PB 0x0000000086b00000| Untracked 
|  28|0x0000000086c00000, 0x0000000086d00000, 0x0000000086d00000|100%| O|  |TAMS 0x0000000086c00000| PB 0x0000000086c00000| Untracked 
|  29|0x0000000086d00000, 0x0000000086e00000, 0x0000000086e00000|100%| O|  |TAMS 0x0000000086d00000| PB 0x0000000086d00000| Untracked 
|  30|0x0000000086e00000, 0x0000000086f00000, 0x0000000086f00000|100%| O|  |TAMS 0x0000000086e00000| PB 0x0000000086e00000| Untracked 
|  31|0x0000000086f00000, 0x0000000087000000, 0x0000000087000000|100%| O|  |TAMS 0x0000000086f00000| PB 0x0000000086f00000| Untracked 
|  32|0x0000000087000000, 0x0000000087100000, 0x0000000087100000|100%| O|  |TAMS 0x0000000087000000| PB 0x0000000087000000| Untracked 
|  33|0x0000000087100000, 0x0000000087200000, 0x0000000087200000|100%| O|  |TAMS 0x0000000087100000| PB 0x0000000087100000| Untracked 
|  34|0x0000000087200000, 0x0000000087300000, 0x0000000087300000|100%| O|  |TAMS 0x0000000087200000| PB 0x0000000087200000| Untracked 
|  35|0x0000000087300000, 0x0000000087400000, 0x0000000087400000|100%| O|  |TAMS 0x0000000087300000| PB 0x0000000087300000| Untracked 
|  36|0x0000000087400000, 0x0000000087500000, 0x0000000087500000|100%| O|  |TAMS 0x0000000087400000| PB 0x0000000087400000| Untracked 
|  37|0x0000000087500000, 0x0000000087600000, 0x0000000087600000|100%| O|  |TAMS 0x0000000087500000| PB 0x0000000087500000| Untracked 
|  38|0x0000000087600000, 0x0000000087700000, 0x0000000087700000|100%| O|  |TAMS 0x0000000087600000| PB 0x0000000087600000| Untracked 
|  39|0x0000000087700000, 0x0000000087800000, 0x0000000087800000|100%| O|  |TAMS 0x0000000087700000| PB 0x0000000087700000| Untracked 
|  40|0x0000000087800000, 0x0000000087900000, 0x0000000087900000|100%|HS|  |TAMS 0x0000000087800000| PB 0x0000000087800000| Complete 
|  41|0x0000000087900000, 0x0000000087a00000, 0x0000000087a00000|100%|HC|  |TAMS 0x0000000087900000| PB 0x0000000087900000| Complete 
|  42|0x0000000087a00000, 0x0000000087b00000, 0x0000000087b00000|100%| O|  |TAMS 0x0000000087a00000| PB 0x0000000087a00000| Untracked 
|  43|0x0000000087b00000, 0x0000000087c00000, 0x0000000087c00000|100%| O|  |TAMS 0x0000000087b00000| PB 0x0000000087b00000| Untracked 
|  44|0x0000000087c00000, 0x0000000087d00000, 0x0000000087d00000|100%| O|  |TAMS 0x0000000087c00000| PB 0x0000000087c00000| Untracked 
|  45|0x0000000087d00000, 0x0000000087e00000, 0x0000000087e00000|100%| O|  |TAMS 0x0000000087d00000| PB 0x0000000087d00000| Untracked 
|  46|0x0000000087e00000, 0x0000000087f00000, 0x0000000087f00000|100%| O|  |TAMS 0x0000000087e00000| PB 0x0000000087e00000| Untracked 
|  47|0x0000000087f00000, 0x0000000088000000, 0x0000000088000000|100%| O|  |TAMS 0x0000000087f00000| PB 0x0000000087f00000| Untracked 
|  48|0x0000000088000000, 0x0000000088100000, 0x0000000088100000|100%| O|  |TAMS 0x0000000088000000| PB 0x0000000088000000| Untracked 
|  49|0x0000000088100000, 0x0000000088200000, 0x0000000088200000|100%| O|  |TAMS 0x0000000088100000| PB 0x0000000088100000| Untracked 
|  50|0x0000000088200000, 0x0000000088300000, 0x0000000088300000|100%| O|  |TAMS 0x0000000088200000| PB 0x0000000088200000| Untracked 
|  51|0x0000000088300000, 0x0000000088400000, 0x0000000088400000|100%| O|  |TAMS 0x0000000088300000| PB 0x0000000088300000| Untracked 
|  52|0x0000000088400000, 0x0000000088500000, 0x0000000088500000|100%| O|  |TAMS 0x0000000088400000| PB 0x0000000088400000| Untracked 
|  53|0x0000000088500000, 0x0000000088600000, 0x0000000088600000|100%| O|  |TAMS 0x0000000088500000| PB 0x0000000088500000| Untracked 
|  54|0x0000000088600000, 0x0000000088700000, 0x0000000088700000|100%| O|  |TAMS 0x0000000088600000| PB 0x0000000088600000| Untracked 
|  55|0x0000000088700000, 0x0000000088800000, 0x0000000088800000|100%| O|  |TAMS 0x0000000088700000| PB 0x0000000088700000| Untracked 
|  56|0x0000000088800000, 0x0000000088900000, 0x0000000088900000|100%| O|  |TAMS 0x0000000088800000| PB 0x0000000088800000| Untracked 
|  57|0x0000000088900000, 0x0000000088a00000, 0x0000000088a00000|100%| O|  |TAMS 0x0000000088900000| PB 0x0000000088900000| Untracked 
|  58|0x0000000088a00000, 0x0000000088b00000, 0x0000000088b00000|100%| O|  |TAMS 0x0000000088a00000| PB 0x0000000088a00000| Untracked 
|  59|0x0000000088b00000, 0x0000000088c00000, 0x0000000088c00000|100%| O|  |TAMS 0x0000000088b00000| PB 0x0000000088b00000| Untracked 
|  60|0x0000000088c00000, 0x0000000088d00000, 0x0000000088d00000|100%| O|  |TAMS 0x0000000088c00000| PB 0x0000000088c00000| Untracked 
|  61|0x0000000088d00000, 0x0000000088e00000, 0x0000000088e00000|100%| O|  |TAMS 0x0000000088d00000| PB 0x0000000088d00000| Untracked 
|  62|0x0000000088e00000, 0x0000000088f00000, 0x0000000088f00000|100%| O|  |TAMS 0x0000000088e00000| PB 0x0000000088e00000| Untracked 
|  63|0x0000000088f00000, 0x0000000089000000, 0x0000000089000000|100%| O|  |TAMS 0x0000000088f00000| PB 0x0000000088f00000| Untracked 
|  64|0x0000000089000000, 0x0000000089100000, 0x0000000089100000|100%| O|  |TAMS 0x0000000089000000| PB 0x0000000089000000| Untracked 
|  65|0x0000000089100000, 0x0000000089200000, 0x0000000089200000|100%| O|  |TAMS 0x0000000089100000| PB 0x0000000089100000| Untracked 
|  66|0x0000000089200000, 0x0000000089300000, 0x0000000089300000|100%| O|  |TAMS 0x0000000089200000| PB 0x0000000089200000| Untracked 
|  67|0x0000000089300000, 0x0000000089400000, 0x0000000089400000|100%| O|  |TAMS 0x0000000089300000| PB 0x0000000089300000| Untracked 
|  68|0x0000000089400000, 0x0000000089500000, 0x0000000089500000|100%| O|  |TAMS 0x0000000089400000| PB 0x0000000089400000| Untracked 
|  69|0x0000000089500000, 0x0000000089600000, 0x0000000089600000|100%| O|  |TAMS 0x0000000089500000| PB 0x0000000089500000| Untracked 
|  70|0x0000000089600000, 0x0000000089700000, 0x0000000089700000|100%| O|  |TAMS 0x0000000089600000| PB 0x0000000089600000| Untracked 
|  71|0x0000000089700000, 0x0000000089800000, 0x0000000089800000|100%| O|  |TAMS 0x0000000089700000| PB 0x0000000089700000| Untracked 
|  72|0x0000000089800000, 0x0000000089900000, 0x0000000089900000|100%| O|  |TAMS 0x0000000089800000| PB 0x0000000089800000| Untracked 
|  73|0x0000000089900000, 0x0000000089a00000, 0x0000000089a00000|100%| O|  |TAMS 0x0000000089900000| PB 0x0000000089900000| Untracked 
|  74|0x0000000089a00000, 0x0000000089b00000, 0x0000000089b00000|100%| O|  |TAMS 0x0000000089a00000| PB 0x0000000089a00000| Untracked 
|  75|0x0000000089b00000, 0x0000000089c00000, 0x0000000089c00000|100%| O|  |TAMS 0x0000000089b00000| PB 0x0000000089b00000| Untracked 
|  76|0x0000000089c00000, 0x0000000089d00000, 0x0000000089d00000|100%| O|  |TAMS 0x0000000089c00000| PB 0x0000000089c00000| Untracked 
|  77|0x0000000089d00000, 0x0000000089e00000, 0x0000000089e00000|100%| O|  |TAMS 0x0000000089d00000| PB 0x0000000089d00000| Untracked 
|  78|0x0000000089e00000, 0x0000000089f00000, 0x0000000089f00000|100%| O|  |TAMS 0x0000000089e00000| PB 0x0000000089e00000| Untracked 
|  79|0x0000000089f00000, 0x000000008a000000, 0x000000008a000000|100%| O|  |TAMS 0x0000000089f00000| PB 0x0000000089f00000| Untracked 
|  80|0x000000008a000000, 0x000000008a100000, 0x000000008a100000|100%| O|  |TAMS 0x000000008a000000| PB 0x000000008a000000| Untracked 
|  81|0x000000008a100000, 0x000000008a158498, 0x000000008a200000| 34%| O|  |TAMS 0x000000008a100000| PB 0x000000008a100000| Untracked 
|  82|0x000000008a200000, 0x000000008a200000, 0x000000008a300000|  0%| F|  |TAMS 0x000000008a200000| PB 0x000000008a200000| Untracked 
|  83|0x000000008a300000, 0x000000008a300000, 0x000000008a400000|  0%| F|  |TAMS 0x000000008a300000| PB 0x000000008a300000| Untracked 
|  84|0x000000008a400000, 0x000000008a400000, 0x000000008a500000|  0%| F|  |TAMS 0x000000008a400000| PB 0x000000008a400000| Untracked 
|  85|0x000000008a500000, 0x000000008a500000, 0x000000008a600000|  0%| F|  |TAMS 0x000000008a500000| PB 0x000000008a500000| Untracked 
|  86|0x000000008a600000, 0x000000008a600000, 0x000000008a700000|  0%| F|  |TAMS 0x000000008a600000| PB 0x000000008a600000| Untracked 
|  87|0x000000008a700000, 0x000000008a700000, 0x000000008a800000|  0%| F|  |TAMS 0x000000008a700000| PB 0x000000008a700000| Untracked 
|  88|0x000000008a800000, 0x000000008a800000, 0x000000008a900000|  0%| F|  |TAMS 0x000000008a800000| PB 0x000000008a800000| Untracked 
|  89|0x000000008a900000, 0x000000008a900000, 0x000000008aa00000|  0%| F|  |TAMS 0x000000008a900000| PB 0x000000008a900000| Untracked 
|  90|0x000000008aa00000, 0x000000008aa00000, 0x000000008ab00000|  0%| F|  |TAMS 0x000000008aa00000| PB 0x000000008aa00000| Untracked 
|  91|0x000000008ab00000, 0x000000008ab00000, 0x000000008ac00000|  0%| F|  |TAMS 0x000000008ab00000| PB 0x000000008ab00000| Untracked 
|  92|0x000000008ac00000, 0x000000008ac00000, 0x000000008ad00000|  0%| F|  |TAMS 0x000000008ac00000| PB 0x000000008ac00000| Untracked 
|  93|0x000000008ad00000, 0x000000008ad00000, 0x000000008ae00000|  0%| F|  |TAMS 0x000000008ad00000| PB 0x000000008ad00000| Untracked 
|  94|0x000000008ae00000, 0x000000008af00000, 0x000000008af00000|100%| S|CS|TAMS 0x000000008ae00000| PB 0x000000008ae00000| Complete 
|  95|0x000000008af00000, 0x000000008b000000, 0x000000008b000000|100%| S|CS|TAMS 0x000000008af00000| PB 0x000000008af00000| Complete 
|  96|0x000000008b000000, 0x000000008b100000, 0x000000008b100000|100%| S|CS|TAMS 0x000000008b000000| PB 0x000000008b000000| Complete 
|  97|0x000000008b100000, 0x000000008b200000, 0x000000008b200000|100%| S|CS|TAMS 0x000000008b100000| PB 0x000000008b100000| Complete 
|  98|0x000000008b200000, 0x000000008b300000, 0x000000008b300000|100%| S|CS|TAMS 0x000000008b200000| PB 0x000000008b200000| Complete 
|  99|0x000000008b300000, 0x000000008b400000, 0x000000008b400000|100%| S|CS|TAMS 0x000000008b300000| PB 0x000000008b300000| Complete 
| 100|0x000000008b400000, 0x000000008b500000, 0x000000008b500000|100%| S|CS|TAMS 0x000000008b400000| PB 0x000000008b400000| Complete 
| 101|0x000000008b500000, 0x000000008b500000, 0x000000008b600000|  0%| F|  |TAMS 0x000000008b500000| PB 0x000000008b500000| Untracked 
| 102|0x000000008b600000, 0x000000008b600000, 0x000000008b700000|  0%| F|  |TAMS 0x000000008b600000| PB 0x000000008b600000| Untracked 
| 103|0x000000008b700000, 0x000000008b700000, 0x000000008b800000|  0%| F|  |TAMS 0x000000008b700000| PB 0x000000008b700000| Untracked 
| 104|0x000000008b800000, 0x000000008b800000, 0x000000008b900000|  0%| F|  |TAMS 0x000000008b800000| PB 0x000000008b800000| Untracked 
| 105|0x000000008b900000, 0x000000008b900000, 0x000000008ba00000|  0%| F|  |TAMS 0x000000008b900000| PB 0x000000008b900000| Untracked 
| 106|0x000000008ba00000, 0x000000008ba00000, 0x000000008bb00000|  0%| F|  |TAMS 0x000000008ba00000| PB 0x000000008ba00000| Untracked 
| 107|0x000000008bb00000, 0x000000008bb00000, 0x000000008bc00000|  0%| F|  |TAMS 0x000000008bb00000| PB 0x000000008bb00000| Untracked 
| 108|0x000000008bc00000, 0x000000008bc00000, 0x000000008bd00000|  0%| F|  |TAMS 0x000000008bc00000| PB 0x000000008bc00000| Untracked 
| 109|0x000000008bd00000, 0x000000008bd00000, 0x000000008be00000|  0%| F|  |TAMS 0x000000008bd00000| PB 0x000000008bd00000| Untracked 
| 110|0x000000008be00000, 0x000000008be00000, 0x000000008bf00000|  0%| F|  |TAMS 0x000000008be00000| PB 0x000000008be00000| Untracked 
| 111|0x000000008bf00000, 0x000000008bf00000, 0x000000008c000000|  0%| F|  |TAMS 0x000000008bf00000| PB 0x000000008bf00000| Untracked 
| 112|0x000000008c000000, 0x000000008c000000, 0x000000008c100000|  0%| F|  |TAMS 0x000000008c000000| PB 0x000000008c000000| Untracked 
| 113|0x000000008c100000, 0x000000008c100000, 0x000000008c200000|  0%| F|  |TAMS 0x000000008c100000| PB 0x000000008c100000| Untracked 
| 114|0x000000008c200000, 0x000000008c200000, 0x000000008c300000|  0%| F|  |TAMS 0x000000008c200000| PB 0x000000008c200000| Untracked 
| 115|0x000000008c300000, 0x000000008c300000, 0x000000008c400000|  0%| F|  |TAMS 0x000000008c300000| PB 0x000000008c300000| Untracked 
| 116|0x000000008c400000, 0x000000008c400000, 0x000000008c500000|  0%| F|  |TAMS 0x000000008c400000| PB 0x000000008c400000| Untracked 
| 117|0x000000008c500000, 0x000000008c500000, 0x000000008c600000|  0%| F|  |TAMS 0x000000008c500000| PB 0x000000008c500000| Untracked 
| 118|0x000000008c600000, 0x000000008c600000, 0x000000008c700000|  0%| F|  |TAMS 0x000000008c600000| PB 0x000000008c600000| Untracked 
| 119|0x000000008c700000, 0x000000008c700000, 0x000000008c800000|  0%| F|  |TAMS 0x000000008c700000| PB 0x000000008c700000| Untracked 
| 120|0x000000008c800000, 0x000000008c800000, 0x000000008c900000|  0%| F|  |TAMS 0x000000008c800000| PB 0x000000008c800000| Untracked 
| 121|0x000000008c900000, 0x000000008c900000, 0x000000008ca00000|  0%| F|  |TAMS 0x000000008c900000| PB 0x000000008c900000| Untracked 
| 122|0x000000008ca00000, 0x000000008ca00000, 0x000000008cb00000|  0%| F|  |TAMS 0x000000008ca00000| PB 0x000000008ca00000| Untracked 
| 123|0x000000008cb00000, 0x000000008cb00000, 0x000000008cc00000|  0%| F|  |TAMS 0x000000008cb00000| PB 0x000000008cb00000| Untracked 
| 124|0x000000008cc00000, 0x000000008cc00000, 0x000000008cd00000|  0%| F|  |TAMS 0x000000008cc00000| PB 0x000000008cc00000| Untracked 
| 125|0x000000008cd00000, 0x000000008cd00000, 0x000000008ce00000|  0%| F|  |TAMS 0x000000008cd00000| PB 0x000000008cd00000| Untracked 
| 126|0x000000008ce00000, 0x000000008ce00000, 0x000000008cf00000|  0%| F|  |TAMS 0x000000008ce00000| PB 0x000000008ce00000| Untracked 
| 127|0x000000008cf00000, 0x000000008cf00000, 0x000000008d000000|  0%| F|  |TAMS 0x000000008cf00000| PB 0x000000008cf00000| Untracked 
| 128|0x000000008d000000, 0x000000008d000000, 0x000000008d100000|  0%| F|  |TAMS 0x000000008d000000| PB 0x000000008d000000| Untracked 
| 129|0x000000008d100000, 0x000000008d100000, 0x000000008d200000|  0%| F|  |TAMS 0x000000008d100000| PB 0x000000008d100000| Untracked 
| 130|0x000000008d200000, 0x000000008d200000, 0x000000008d300000|  0%| F|  |TAMS 0x000000008d200000| PB 0x000000008d200000| Untracked 
| 131|0x000000008d300000, 0x000000008d300000, 0x000000008d400000|  0%| F|  |TAMS 0x000000008d300000| PB 0x000000008d300000| Untracked 
| 132|0x000000008d400000, 0x000000008d400000, 0x000000008d500000|  0%| F|  |TAMS 0x000000008d400000| PB 0x000000008d400000| Untracked 
| 133|0x000000008d500000, 0x000000008d500000, 0x000000008d600000|  0%| F|  |TAMS 0x000000008d500000| PB 0x000000008d500000| Untracked 
| 134|0x000000008d600000, 0x000000008d600000, 0x000000008d700000|  0%| F|  |TAMS 0x000000008d600000| PB 0x000000008d600000| Untracked 
| 135|0x000000008d700000, 0x000000008d700000, 0x000000008d800000|  0%| F|  |TAMS 0x000000008d700000| PB 0x000000008d700000| Untracked 
| 136|0x000000008d800000, 0x000000008d800000, 0x000000008d900000|  0%| F|  |TAMS 0x000000008d800000| PB 0x000000008d800000| Untracked 
| 137|0x000000008d900000, 0x000000008d900000, 0x000000008da00000|  0%| F|  |TAMS 0x000000008d900000| PB 0x000000008d900000| Untracked 
| 138|0x000000008da00000, 0x000000008da00000, 0x000000008db00000|  0%| F|  |TAMS 0x000000008da00000| PB 0x000000008da00000| Untracked 
| 139|0x000000008db00000, 0x000000008db00000, 0x000000008dc00000|  0%| F|  |TAMS 0x000000008db00000| PB 0x000000008db00000| Untracked 
| 140|0x000000008dc00000, 0x000000008dc00000, 0x000000008dd00000|  0%| F|  |TAMS 0x000000008dc00000| PB 0x000000008dc00000| Untracked 
| 141|0x000000008dd00000, 0x000000008dd00000, 0x000000008de00000|  0%| F|  |TAMS 0x000000008dd00000| PB 0x000000008dd00000| Untracked 
| 142|0x000000008de00000, 0x000000008de80000, 0x000000008df00000| 50%| E|  |TAMS 0x000000008de00000| PB 0x000000008de00000| Complete 
| 143|0x000000008df00000, 0x000000008e000000, 0x000000008e000000|100%| E|CS|TAMS 0x000000008df00000| PB 0x000000008df00000| Complete 
| 144|0x000000008e000000, 0x000000008e100000, 0x000000008e100000|100%| E|CS|TAMS 0x000000008e000000| PB 0x000000008e000000| Complete 
| 145|0x000000008e100000, 0x000000008e200000, 0x000000008e200000|100%| E|CS|TAMS 0x000000008e100000| PB 0x000000008e100000| Complete 
| 146|0x000000008e200000, 0x000000008e300000, 0x000000008e300000|100%| E|CS|TAMS 0x000000008e200000| PB 0x000000008e200000| Complete 
| 147|0x000000008e300000, 0x000000008e400000, 0x000000008e400000|100%| E|CS|TAMS 0x000000008e300000| PB 0x000000008e300000| Complete 
| 148|0x000000008e400000, 0x000000008e500000, 0x000000008e500000|100%| E|CS|TAMS 0x000000008e400000| PB 0x000000008e400000| Complete 
| 149|0x000000008e500000, 0x000000008e600000, 0x000000008e600000|100%| E|CS|TAMS 0x000000008e500000| PB 0x000000008e500000| Complete 
| 150|0x000000008e600000, 0x000000008e700000, 0x000000008e700000|100%| E|CS|TAMS 0x000000008e600000| PB 0x000000008e600000| Complete 
| 151|0x000000008e700000, 0x000000008e800000, 0x000000008e800000|100%| E|CS|TAMS 0x000000008e700000| PB 0x000000008e700000| Complete 
|1964|0x00000000ffc00000, 0x00000000ffd00000, 0x00000000ffd00000|100%| O|  |TAMS 0x00000000ffc00000| PB 0x00000000ffc00000| Untracked 
|1965|0x00000000ffd00000, 0x00000000ffe00000, 0x00000000ffe00000|100%| E|CS|TAMS 0x00000000ffd00000| PB 0x00000000ffd00000| Complete 
|1966|0x00000000ffe00000, 0x00000000fff00000, 0x00000000fff00000|100%| O|  |TAMS 0x00000000ffe00000| PB 0x00000000ffe00000| Untracked 
|1967|0x00000000fff00000, 0x0000000100000000, 0x0000000100000000|100%| O|  |TAMS 0x00000000fff00000| PB 0x00000000fff00000| Untracked 

Card table byte_map: [0x000002dbe2620000,0x000002dbe2a00000] _byte_map_base: 0x000002dbe21f8000

Marking Bits: (CMBitMap*) 0x000002dbcfe00060
 Bits: [0x000002dbe2a00000, 0x000002dbe48c0000)

Polling page: 0x000002dbcdd50000

Metaspace:

Usage:
  Non-class:     61.85 MB used.
      Class:      7.79 MB used.
       Both:     69.64 MB used.

Virtual space:
  Non-class space:       64.00 MB reserved,      62.25 MB ( 97%) committed,  1 nodes.
      Class space:        1.00 GB reserved,       8.19 MB ( <1%) committed,  1 nodes.
             Both:        1.06 GB reserved,      70.44 MB (  6%) committed. 

Chunk freelists:
   Non-Class:  1.60 MB
       Class:  7.65 MB
        Both:  9.25 MB

MaxMetaspaceSize: unlimited
CompressedClassSpaceSize: 1.00 GB
Initial GC threshold: 21.00 MB
Current GC threshold: 111.81 MB
CDS: off
 - commit_granule_bytes: 65536.
 - commit_granule_words: 8192.
 - virtual_space_node_default_size: 8388608.
 - enlarge_chunks_in_place: 1.
 - use_allocation_guard: 0.


Internal statistics:

num_allocs_failed_limit: 3.
num_arena_births: 1378.
num_arena_deaths: 0.
num_vsnodes_births: 2.
num_vsnodes_deaths: 0.
num_space_committed: 1125.
num_space_uncommitted: 0.
num_chunks_returned_to_freelist: 3.
num_chunks_taken_from_freelist: 3934.
num_chunk_merges: 3.
num_chunk_splits: 2869.
num_chunks_enlarged: 2206.
num_inconsistent_stats: 0.

CodeHeap 'non-profiled nmethods': size=120000Kb used=9053Kb max_used=9053Kb free=110946Kb
 bounds [0x000002dbda9e0000, 0x000002dbdb2c0000, 0x000002dbe1f10000]
CodeHeap 'profiled nmethods': size=120000Kb used=38101Kb max_used=38101Kb free=81899Kb
 bounds [0x000002dbd2f10000, 0x000002dbd5450000, 0x000002dbda440000]
CodeHeap 'non-nmethods': size=5760Kb used=1794Kb max_used=1871Kb free=3965Kb
 bounds [0x000002dbda440000, 0x000002dbda6b0000, 0x000002dbda9e0000]
 total_blobs=13073 nmethods=12411 adapters=564
 compilation: enabled
              stopped_count=0, restarted_count=0
 full_count=0

Compilation events (20 events):
Event: 17.886 Thread 0x000002dbe74ef5e0 13468       3       org.jetbrains.kotlin.resolve.calls.components.ClassicTypeSystemContextForCS::getTypeParameterClassifier (6 bytes)
Event: 17.886 Thread 0x000002dbe74ef5e0 nmethod 13468 0x000002dbd5439b10 code [0x000002dbd5439cc0, 0x000002dbd5439df8]
Event: 17.891 Thread 0x000002dbe74ef5e0 13469       3       kotlin.collections.AbstractList$SubList::get (25 bytes)
Event: 17.891 Thread 0x000002dbe74ef5e0 nmethod 13469 0x000002dbd5439e90 code [0x000002dbd543a060, 0x000002dbd543a298]
Event: 17.891 Thread 0x000002dbef7395d0 nmethod 13453 0x000002dbdb2a7810 code [0x000002dbdb2a7aa0, 0x000002dbdb2a8888]
Event: 17.891 Thread 0x000002dbef7395d0 13416       4       org.jetbrains.kotlin.resolve.DelegationResolver::<init> (50 bytes)
Event: 17.896 Thread 0x000002dbe74ef5e0 13470       3       org.jetbrains.kotlin.psi.KtProperty::isMember (44 bytes)
Event: 17.896 Thread 0x000002dbe74ef5e0 nmethod 13470 0x000002dbd543a390 code [0x000002dbd543a580, 0x000002dbd543ac90]
Event: 17.897 Thread 0x000002dbef7395d0 nmethod 13416 0x000002dbdb2a9410 code [0x000002dbdb2a95c0, 0x000002dbdb2a9df0]
Event: 17.897 Thread 0x000002dbef7395d0 13438       4       org.jetbrains.kotlin.resolve.lazy.descriptors.LazyClassMemberScope::generateDelegatingDescriptors (96 bytes)
Event: 17.902 Thread 0x000002dbef7395d0 nmethod 13438 0x000002dbdb2a9e90 code [0x000002dbdb2aa080, 0x000002dbdb2aa610]
Event: 17.902 Thread 0x000002dbef7395d0 13471       4       org.jetbrains.kotlin.parcelize.ParcelizeResolveExtension::generateSyntheticMethods (543 bytes)
Event: 17.907 Thread 0x000002dbe74ef5e0 13472       1       org.jetbrains.kotlin.types.expressions.ControlStructureTypingUtils$1::getExplicitReceiver (2 bytes)
Event: 17.908 Thread 0x000002dbe74ef5e0 nmethod 13472 0x000002dbdb2aab90 code [0x000002dbdb2aad20, 0x000002dbdb2aadf0]
Event: 17.910 Thread 0x000002dbe74ef5e0 13473       3       org.jetbrains.kotlin.resolve.BodyResolver::computeDeferredType (25 bytes)
Event: 17.910 Thread 0x000002dbe74ef5e0 nmethod 13473 0x000002dbd543ad90 code [0x000002dbd543afa0, 0x000002dbd543b670]
Event: 17.910 Thread 0x000002dbe74ef5e0 13474       3       org.jetbrains.kotlin.resolve.TopDownAnalysisContext::getDeclaringScope (20 bytes)
Event: 17.910 Thread 0x000002dbe74ef5e0 nmethod 13474 0x000002dbd543b890 code [0x000002dbd543ba60, 0x000002dbd543bc68]
Event: 17.910 Thread 0x000002dbe74ef5e0 13475       3       org.jetbrains.kotlin.resolve.scopes.ScopeUtils::makeScopeForPropertyHeader (43 bytes)
Event: 17.911 Thread 0x000002dbe74ef5e0 nmethod 13475 0x000002dbd543bd90 code [0x000002dbd543bfc0, 0x000002dbd543c798]

GC Heap History (20 events):
Event: 5.667 GC heap before
{Heap before GC invocations=23 (full 0):
 garbage-first heap   total 84992K, used 74331K [0x0000000085000000, 0x0000000100000000)
  region size 1024K, 29 young (29696K), 4 survivors (4096K)
 Metaspace       used 55813K, committed 56640K, reserved 1114112K
  class space    used 6577K, committed 6976K, reserved 1048576K
}
Event: 5.674 GC heap after
{Heap after GC invocations=24 (full 0):
 garbage-first heap   total 84992K, used 49922K [0x0000000085000000, 0x0000000100000000)
  region size 1024K, 2 young (2048K), 2 survivors (2048K)
 Metaspace       used 55813K, committed 56640K, reserved 1114112K
  class space    used 6577K, committed 6976K, reserved 1048576K
}
Event: 6.186 GC heap before
{Heap before GC invocations=24 (full 0):
 garbage-first heap   total 84992K, used 73474K [0x0000000085000000, 0x0000000100000000)
  region size 1024K, 25 young (25600K), 2 survivors (2048K)
 Metaspace       used 58742K, committed 59520K, reserved 1114112K
  class space    used 6927K, committed 7296K, reserved 1048576K
}
Event: 6.196 GC heap after
{Heap after GC invocations=25 (full 0):
 garbage-first heap   total 84992K, used 53991K [0x0000000085000000, 0x0000000100000000)
  region size 1024K, 4 young (4096K), 4 survivors (4096K)
 Metaspace       used 58742K, committed 59520K, reserved 1114112K
  class space    used 6927K, committed 7296K, reserved 1048576K
}
Event: 6.673 GC heap before
{Heap before GC invocations=26 (full 0):
 garbage-first heap   total 91136K, used 74471K [0x0000000085000000, 0x0000000100000000)
  region size 1024K, 24 young (24576K), 4 survivors (4096K)
 Metaspace       used 60875K, committed 61696K, reserved 1114112K
  class space    used 7157K, committed 7552K, reserved 1048576K
}
Event: 6.684 GC heap after
{Heap after GC invocations=27 (full 0):
 garbage-first heap   total 91136K, used 56320K [0x0000000085000000, 0x0000000100000000)
  region size 1024K, 2 young (2048K), 2 survivors (2048K)
 Metaspace       used 60875K, committed 61696K, reserved 1114112K
  class space    used 7157K, committed 7552K, reserved 1048576K
}
Event: 7.602 GC heap before
{Heap before GC invocations=27 (full 0):
 garbage-first heap   total 91136K, used 80896K [0x0000000085000000, 0x0000000100000000)
  region size 1024K, 26 young (26624K), 2 survivors (2048K)
 Metaspace       used 62317K, committed 63104K, reserved 1114112K
  class space    used 7245K, committed 7616K, reserved 1048576K
}
Event: 7.613 GC heap after
{Heap after GC invocations=28 (full 0):
 garbage-first heap   total 122880K, used 60102K [0x0000000085000000, 0x0000000100000000)
  region size 1024K, 4 young (4096K), 4 survivors (4096K)
 Metaspace       used 62317K, committed 63104K, reserved 1114112K
  class space    used 7245K, committed 7616K, reserved 1048576K
}
Event: 9.339 GC heap before
{Heap before GC invocations=28 (full 0):
 garbage-first heap   total 122880K, used 104134K [0x0000000085000000, 0x0000000100000000)
  region size 1024K, 47 young (48128K), 4 survivors (4096K)
 Metaspace       used 64416K, committed 65216K, reserved 1114112K
  class space    used 7422K, committed 7808K, reserved 1048576K
}
Event: 9.360 GC heap after
{Heap after GC invocations=29 (full 0):
 garbage-first heap   total 122880K, used 67584K [0x0000000085000000, 0x0000000100000000)
  region size 1024K, 6 young (6144K), 6 survivors (6144K)
 Metaspace       used 64416K, committed 65216K, reserved 1114112K
  class space    used 7422K, committed 7808K, reserved 1048576K
}
Event: 10.133 GC heap before
{Heap before GC invocations=29 (full 0):
 garbage-first heap   total 122880K, used 103424K [0x0000000085000000, 0x0000000100000000)
  region size 1024K, 41 young (41984K), 6 survivors (6144K)
 Metaspace       used 65930K, committed 66752K, reserved 1114112K
  class space    used 7523K, committed 7936K, reserved 1048576K
}
Event: 10.148 GC heap after
{Heap after GC invocations=30 (full 0):
 garbage-first heap   total 122880K, used 74240K [0x0000000085000000, 0x0000000100000000)
  region size 1024K, 6 young (6144K), 6 survivors (6144K)
 Metaspace       used 65930K, committed 66752K, reserved 1114112K
  class space    used 7523K, committed 7936K, reserved 1048576K
}
Event: 11.481 GC heap before
{Heap before GC invocations=30 (full 0):
 garbage-first heap   total 122880K, used 105984K [0x0000000085000000, 0x0000000100000000)
  region size 1024K, 37 young (37888K), 6 survivors (6144K)
 Metaspace       used 67785K, committed 68608K, reserved 1114112K
  class space    used 7595K, committed 8000K, reserved 1048576K
}
Event: 11.497 GC heap after
{Heap after GC invocations=31 (full 0):
 garbage-first heap   total 122880K, used 78848K [0x0000000085000000, 0x0000000100000000)
  region size 1024K, 5 young (5120K), 5 survivors (5120K)
 Metaspace       used 67785K, committed 68608K, reserved 1114112K
  class space    used 7595K, committed 8000K, reserved 1048576K
}
Event: 12.414 GC heap before
{Heap before GC invocations=32 (full 0):
 garbage-first heap   total 133120K, used 109568K [0x0000000085000000, 0x0000000100000000)
  region size 1024K, 34 young (34816K), 5 survivors (5120K)
 Metaspace       used 68300K, committed 69120K, reserved 1114112K
  class space    used 7627K, committed 8064K, reserved 1048576K
}
Event: 12.426 GC heap after
{Heap after GC invocations=33 (full 0):
 garbage-first heap   total 133120K, used 84851K [0x0000000085000000, 0x0000000100000000)
  region size 1024K, 5 young (5120K), 5 survivors (5120K)
 Metaspace       used 68300K, committed 69120K, reserved 1114112K
  class space    used 7627K, committed 8064K, reserved 1048576K
}
Event: 13.638 GC heap before
{Heap before GC invocations=33 (full 0):
 garbage-first heap   total 133120K, used 118643K [0x0000000085000000, 0x0000000100000000)
  region size 1024K, 38 young (38912K), 5 survivors (5120K)
 Metaspace       used 69114K, committed 69888K, reserved 1114112K
  class space    used 7689K, committed 8064K, reserved 1048576K
}
Event: 13.653 GC heap after
{Heap after GC invocations=34 (full 0):
 garbage-first heap   total 159744K, used 86016K [0x0000000085000000, 0x0000000100000000)
  region size 1024K, 4 young (4096K), 4 survivors (4096K)
 Metaspace       used 69114K, committed 69888K, reserved 1114112K
  class space    used 7689K, committed 8064K, reserved 1048576K
}
Event: 17.699 GC heap before
{Heap before GC invocations=34 (full 0):
 garbage-first heap   total 159744K, used 139264K [0x0000000085000000, 0x0000000100000000)
  region size 1024K, 56 young (57344K), 4 survivors (4096K)
 Metaspace       used 71275K, committed 72064K, reserved 1114112K
  class space    used 7975K, committed 8384K, reserved 1048576K
}
Event: 17.714 GC heap after
{Heap after GC invocations=35 (full 0):
 garbage-first heap   total 159744K, used 93537K [0x0000000085000000, 0x0000000100000000)
  region size 1024K, 7 young (7168K), 7 survivors (7168K)
 Metaspace       used 71275K, committed 72064K, reserved 1114112K
  class space    used 7975K, committed 8384K, reserved 1048576K
}

Dll operation events (3 events):
Event: 0.018 Loaded shared library C:\Program Files\Android\Android Studio1\jbr\bin\java.dll
Event: 0.023 Loaded shared library C:\Program Files\Android\Android Studio1\jbr\bin\zip.dll
Event: 1.637 Loaded shared library C:\Program Files\Android\Android Studio1\jbr\bin\verify.dll

Deoptimization events (20 events):
Event: 17.013 Thread 0x000002dbcdb415d0 Uncommon trap: trap_request=0xffffffc6 fr.pc=0x000002dbdac5c46c relative=0x00000000000004cc
Event: 17.013 Thread 0x000002dbcdb415d0 Uncommon trap: reason=bimorphic_or_optimized_type_check action=maybe_recompile pc=0x000002dbdac5c46c method=org.jetbrains.kotlin.types.TypeSubstitutor.substitute(Lorg/jetbrains/kotlin/types/TypeProjection;)Lorg/jetbrains/kotlin/types/TypeProjection; @ 42 
Event: 17.013 Thread 0x000002dbcdb415d0 DEOPT PACKING pc=0x000002dbdac5c46c sp=0x000000f13abf3ec0
Event: 17.013 Thread 0x000002dbcdb415d0 DEOPT UNPACKING pc=0x000002dbda497da2 sp=0x000000f13abf3e08 mode 2
Event: 17.013 Thread 0x000002dbcdb415d0 Uncommon trap: trap_request=0xffffffc6 fr.pc=0x000002dbdb164220 relative=0x0000000000004320
Event: 17.013 Thread 0x000002dbcdb415d0 Uncommon trap: reason=bimorphic_or_optimized_type_check action=maybe_recompile pc=0x000002dbdb164220 method=org.jetbrains.kotlin.types.TypeSubstitutor.substitute(Lorg/jetbrains/kotlin/types/TypeProjection;)Lorg/jetbrains/kotlin/types/TypeProjection; @ 42 
Event: 17.013 Thread 0x000002dbcdb415d0 DEOPT PACKING pc=0x000002dbdb164220 sp=0x000000f13abf3e50
Event: 17.013 Thread 0x000002dbcdb415d0 DEOPT UNPACKING pc=0x000002dbda497da2 sp=0x000000f13abf3d40 mode 2
Event: 17.013 Thread 0x000002dbcdb415d0 Uncommon trap: trap_request=0xffffffc6 fr.pc=0x000002dbdac5d8e0 relative=0x0000000000000180
Event: 17.013 Thread 0x000002dbcdb415d0 Uncommon trap: reason=bimorphic_or_optimized_type_check action=maybe_recompile pc=0x000002dbdac5d8e0 method=org.jetbrains.kotlin.types.TypeSubstitutor.substitute(Lorg/jetbrains/kotlin/types/TypeProjection;)Lorg/jetbrains/kotlin/types/TypeProjection; @ 42 
Event: 17.013 Thread 0x000002dbcdb415d0 DEOPT PACKING pc=0x000002dbdac5d8e0 sp=0x000000f13abf3db0
Event: 17.013 Thread 0x000002dbcdb415d0 DEOPT UNPACKING pc=0x000002dbda497da2 sp=0x000000f13abf3d40 mode 2
Event: 17.013 Thread 0x000002dbcdb415d0 Uncommon trap: trap_request=0xffffffc6 fr.pc=0x000002dbdb1db208 relative=0x0000000000004828
Event: 17.013 Thread 0x000002dbcdb415d0 Uncommon trap: reason=bimorphic_or_optimized_type_check action=maybe_recompile pc=0x000002dbdb1db208 method=org.jetbrains.kotlin.types.TypeSubstitutor.substitute(Lorg/jetbrains/kotlin/types/TypeProjection;)Lorg/jetbrains/kotlin/types/TypeProjection; @ 42 
Event: 17.013 Thread 0x000002dbcdb415d0 DEOPT PACKING pc=0x000002dbdb1db208 sp=0x000000f13abf3f30
Event: 17.013 Thread 0x000002dbcdb415d0 DEOPT UNPACKING pc=0x000002dbda497da2 sp=0x000000f13abf3df0 mode 2
Event: 17.014 Thread 0x000002dbcdb415d0 Uncommon trap: trap_request=0xffffff45 fr.pc=0x000002dbdb19f734 relative=0x00000000000006d4
Event: 17.014 Thread 0x000002dbcdb415d0 Uncommon trap: reason=unstable_if action=reinterpret pc=0x000002dbdb19f734 method=org.jetbrains.kotlin.types.AbstractTypeChecker.checkSubtypeForSpecialCases(Lorg/jetbrains/kotlin/types/TypeCheckerState;Lorg/jetbrains/kotlin/types/model/SimpleTypeMarker;Lo
Event: 17.014 Thread 0x000002dbcdb415d0 DEOPT PACKING pc=0x000002dbdb19f734 sp=0x000000f13abf3750
Event: 17.015 Thread 0x000002dbcdb415d0 DEOPT UNPACKING pc=0x000002dbda497da2 sp=0x000000f13abf36a0 mode 2

Classes loaded (20 events):
Event: 5.793 Loading class java/util/stream/Nodes$EmptyNode$OfDouble
Event: 5.793 Loading class java/util/stream/Node$OfDouble
Event: 5.793 Loading class java/util/stream/Node$OfDouble done
Event: 5.793 Loading class java/util/stream/Nodes$EmptyNode$OfDouble done
Event: 5.793 Loading class java/util/stream/Nodes$FixedNodeBuilder
Event: 5.793 Loading class java/util/stream/Node$Builder
Event: 5.793 Loading class java/util/stream/Node$Builder done
Event: 5.793 Loading class java/util/stream/Nodes$ArrayNode
Event: 5.793 Loading class java/util/stream/Nodes$ArrayNode done
Event: 5.793 Loading class java/util/stream/Nodes$FixedNodeBuilder done
Event: 5.875 Loading class java/util/ComparableTimSort
Event: 5.875 Loading class java/util/ComparableTimSort done
Event: 12.461 Loading class java/util/Collections$CopiesList
Event: 12.462 Loading class java/util/Collections$CopiesList done
Event: 13.403 Loading class java/util/ArrayList$ArrayListSpliterator
Event: 13.403 Loading class java/util/ArrayList$ArrayListSpliterator done
Event: 14.837 Loading class java/lang/Character$UnicodeBlock
Event: 14.877 Loading class java/lang/Character$Subset
Event: 14.877 Loading class java/lang/Character$Subset done
Event: 14.879 Loading class java/lang/Character$UnicodeBlock done

Classes unloaded (0 events):
No events

Classes redefined (0 events):
No events

Internal exceptions (20 events):
Event: 6.336 Thread 0x000002dbcdb415d0 Implicit null exception at 0x000002dbdad29983 to 0x000002dbdad29ba4
Event: 7.175 Thread 0x000002dbcdb415d0 Exception <a 'java/lang/NoSuchMethodError'{0x00000000897fdde8}: 'java.lang.Object java.lang.invoke.DirectMethodHandle$Holder.invokeStatic(java.lang.Object, int, java.lang.Object)'> (0x00000000897fdde8) 
thrown [s\src\hotspot\share\interpreter\linkResolver.cpp, line 784]
Event: 7.313 Thread 0x000002dbcdb415d0 Exception <a 'java/lang/NoSuchMethodError'{0x00000000893773b0}: 'java.lang.Object java.lang.invoke.DirectMethodHandle$Holder.invokeStatic(java.lang.Object, java.lang.Object, java.lang.Object, java.lang.Object, java.lang.Object, java.lang.Object, java.lang.Object, java.lang.Object, int)'> (0x00000000893773b0) 
thrown [s\src\hotspot\share\interpreter\linkResolver.cpp, line 784]
Event: 7.316 Thread 0x000002dbcdb415d0 Exception <a 'java/lang/NoSuchMethodError'{0x0000000089381fa8}: 'java.lang.Object java.lang.invoke.DirectMethodHandle$Holder.newInvokeSpecial(java.lang.Object, java.lang.Object, java.lang.Object, java.lang.Object, java.lang.Object, java.lang.Object, java.lang.Object, java.lang.Object, int)'> (0x0000000089381fa8) 
thrown [s\src\hotspot\share\interpreter\linkResolver.cpp, line 784]
Event: 7.316 Thread 0x000002dbcdb415d0 Exception <a 'java/lang/NoSuchMethodError'{0x00000000893869e0}: 'java.lang.Object java.lang.invoke.DirectMethodHandle$Holder.invokeSpecial(java.lang.Object, java.lang.Object, java.lang.Object, java.lang.Object, java.lang.Object, java.lang.Object, java.lang.Object, java.lang.Object, java.lang.Object, int)'> (0x00000000893869e0) 
thrown [s\src\hotspot\share\interpreter\linkResolver.cpp, line 784]
Event: 7.316 Thread 0x000002dbcdb415d0 Exception <a 'java/lang/NoSuchMethodError'{0x000000008938aec0}: 'java.lang.Object java.lang.invoke.Invokers$Holder.linkToTargetMethod(java.lang.Object, java.lang.Object, java.lang.Object, java.lang.Object, java.lang.Object, java.lang.Object, java.lang.Object, int, java.lang.Object)'> (0x000000008938aec0) 
thrown [s\src\hotspot\share\interpreter\linkResolver.cpp, line 784]
Event: 7.348 Thread 0x000002dbcdb415d0 Exception <a 'java/lang/NoSuchMethodError'{0x0000000089270c38}: 'java.lang.Object java.lang.invoke.DirectMethodHandle$Holder.newInvokeSpecial(java.lang.Object, int, java.lang.Object)'> (0x0000000089270c38) 
thrown [s\src\hotspot\share\interpreter\linkResolver.cpp, line 784]
Event: 7.349 Thread 0x000002dbcdb415d0 Exception <a 'java/lang/NoSuchMethodError'{0x0000000089276550}: 'int java.lang.invoke.DirectMethodHandle$Holder.invokeInterface(java.lang.Object, java.lang.Object)'> (0x0000000089276550) 
thrown [s\src\hotspot\share\interpreter\linkResolver.cpp, line 784]
Event: 8.549 Thread 0x000002dbcdb415d0 Exception <a 'java/lang/NoSuchMethodError'{0x000000008b6ce738}: 'java.lang.Object java.lang.invoke.DirectMethodHandle$Holder.invokeStatic(java.lang.Object, java.lang.Object, int, java.lang.Object)'> (0x000000008b6ce738) 
thrown [s\src\hotspot\share\interpreter\linkResolver.cpp, line 784]
Event: 8.550 Thread 0x000002dbcdb415d0 Exception <a 'java/lang/NoSuchMethodError'{0x000000008b6d57c8}: 'java.lang.Object java.lang.invoke.DirectMethodHandle$Holder.newInvokeSpecial(java.lang.Object, java.lang.Object, int, java.lang.Object)'> (0x000000008b6d57c8) 
thrown [s\src\hotspot\share\interpreter\linkResolver.cpp, line 784]
Event: 8.550 Thread 0x000002dbcdb415d0 Exception <a 'java/lang/NoSuchMethodError'{0x000000008b6d9688}: 'java.lang.Object java.lang.invoke.DirectMethodHandle$Holder.invokeSpecial(java.lang.Object, java.lang.Object, java.lang.Object, int, java.lang.Object)'> (0x000000008b6d9688) 
thrown [s\src\hotspot\share\interpreter\linkResolver.cpp, line 784]
Event: 8.550 Thread 0x000002dbcdb415d0 Exception <a 'java/lang/NoSuchMethodError'{0x000000008b6dd0a0}: 'java.lang.Object java.lang.invoke.Invokers$Holder.linkToTargetMethod(java.lang.Object, int, java.lang.Object, java.lang.Object)'> (0x000000008b6dd0a0) 
thrown [s\src\hotspot\share\interpreter\linkResolver.cpp, line 784]
Event: 8.619 Thread 0x000002dbcdb415d0 Exception <a 'java/lang/NoSuchMethodError'{0x000000008b2fa8c0}: 'java.lang.Object java.lang.invoke.DirectMethodHandle$Holder.newInvokeSpecial(java.lang.Object, int, java.lang.Object, java.lang.Object)'> (0x000000008b2fa8c0) 
thrown [s\src\hotspot\share\interpreter\linkResolver.cpp, line 784]
Event: 8.623 Thread 0x000002dbcdb415d0 Exception <a 'java/lang/NoSuchMethodError'{0x000000008b1149a0}: 'int java.lang.invoke.DirectMethodHandle$Holder.invokeStaticInit(java.lang.Object, int)'> (0x000000008b1149a0) 
thrown [s\src\hotspot\share\interpreter\linkResolver.cpp, line 784]
Event: 8.776 Thread 0x000002dbcdb415d0 Exception <a 'java/lang/NoSuchMethodError'{0x000000008ab98e30}: 'java.lang.Object java.lang.invoke.DirectMethodHandle$Holder.invokeInterface(java.lang.Object, java.lang.Object, java.lang.Object)'> (0x000000008ab98e30) 
thrown [s\src\hotspot\share\interpreter\linkResolver.cpp, line 784]
Event: 8.777 Thread 0x000002dbcdb415d0 Exception <a 'java/lang/IncompatibleClassChangeError'{0x000000008ab9c4d8}: Found class java.lang.Object, but interface was expected> (0x000000008ab9c4d8) 
thrown [s\src\hotspot\share\interpreter\linkResolver.cpp, line 851]
Event: 9.956 Thread 0x000002dbcdb415d0 Implicit null exception at 0x000002dbdae5aa4a to 0x000002dbdae5ac9c
Event: 10.793 Thread 0x000002dbcdb415d0 Implicit null exception at 0x000002dbdafe2c5d to 0x000002dbdafe2db4
Event: 14.709 Thread 0x000002dbcdb415d0 Exception <a 'java/lang/NoSuchMethodError'{0x000000008ce0f7d8}: 'void java.lang.invoke.DirectMethodHandle$Holder.invokeSpecial(java.lang.Object, java.lang.Object, int, java.lang.Object)'> (0x000000008ce0f7d8) 
thrown [s\src\hotspot\share\interpreter\linkResolver.cpp, line 784]
Event: 14.962 Thread 0x000002dbcdb415d0 Exception <a 'java/lang/IncompatibleClassChangeError'{0x000000008cc8e090}: Found class java.lang.Object, but interface was expected> (0x000000008cc8e090) 
thrown [s\src\hotspot\share\interpreter\linkResolver.cpp, line 851]

ZGC Phase Switch (0 events):
No events

VM Operations (20 events):
Event: 14.730 Executing VM operation: HandshakeAllThreads (Deoptimize)
Event: 14.730 Executing VM operation: HandshakeAllThreads (Deoptimize) done
Event: 14.945 Executing VM operation: HandshakeAllThreads (Deoptimize)
Event: 14.945 Executing VM operation: HandshakeAllThreads (Deoptimize) done
Event: 14.947 Executing VM operation: HandshakeAllThreads (Deoptimize)
Event: 14.947 Executing VM operation: HandshakeAllThreads (Deoptimize) done
Event: 14.949 Executing VM operation: HandshakeAllThreads (Deoptimize)
Event: 14.949 Executing VM operation: HandshakeAllThreads (Deoptimize) done
Event: 14.951 Executing VM operation: HandshakeAllThreads (Deoptimize)
Event: 14.951 Executing VM operation: HandshakeAllThreads (Deoptimize) done
Event: 15.349 Executing VM operation: ICBufferFull
Event: 15.349 Executing VM operation: ICBufferFull done
Event: 15.356 Executing VM operation: HandshakeAllThreads (Deoptimize)
Event: 15.356 Executing VM operation: HandshakeAllThreads (Deoptimize) done
Event: 16.356 Executing VM operation: Cleanup
Event: 16.356 Executing VM operation: Cleanup done
Event: 17.357 Executing VM operation: Cleanup
Event: 17.357 Executing VM operation: Cleanup done
Event: 17.699 Executing VM operation: G1CollectForAllocation (G1 Evacuation Pause)
Event: 17.714 Executing VM operation: G1CollectForAllocation (G1 Evacuation Pause) done

Memory protections (0 events):
No events

Nmethod flushes (20 events):
Event: 11.585 Thread 0x000002dbe73303b0 flushing  nmethod 0x000002dbd372c990
Event: 11.585 Thread 0x000002dbe73303b0 flushing  nmethod 0x000002dbd37ad110
Event: 11.585 Thread 0x000002dbe73303b0 flushing  nmethod 0x000002dbd37b3790
Event: 11.585 Thread 0x000002dbe73303b0 flushing  nmethod 0x000002dbd3927790
Event: 11.585 Thread 0x000002dbe73303b0 flushing  nmethod 0x000002dbd39d7390
Event: 11.585 Thread 0x000002dbe73303b0 flushing  nmethod 0x000002dbd3a02610
Event: 11.585 Thread 0x000002dbe73303b0 flushing  nmethod 0x000002dbd3a03110
Event: 11.585 Thread 0x000002dbe73303b0 flushing  nmethod 0x000002dbd3a11f90
Event: 11.585 Thread 0x000002dbe73303b0 flushing osr nmethod 0x000002dbd3a2a090
Event: 11.585 Thread 0x000002dbe73303b0 flushing  nmethod 0x000002dbd3a2c590
Event: 11.585 Thread 0x000002dbe73303b0 flushing  nmethod 0x000002dbd3a39310
Event: 11.585 Thread 0x000002dbe73303b0 flushing  nmethod 0x000002dbd3a3b290
Event: 11.585 Thread 0x000002dbe73303b0 flushing  nmethod 0x000002dbd3a3b690
Event: 11.585 Thread 0x000002dbe73303b0 flushing  nmethod 0x000002dbd3a3bc90
Event: 11.585 Thread 0x000002dbe73303b0 flushing  nmethod 0x000002dbd3a3c890
Event: 11.585 Thread 0x000002dbe73303b0 flushing  nmethod 0x000002dbd3a3cd10
Event: 11.585 Thread 0x000002dbe73303b0 flushing  nmethod 0x000002dbd3a3d110
Event: 11.585 Thread 0x000002dbe73303b0 flushing  nmethod 0x000002dbd3a3d490
Event: 11.585 Thread 0x000002dbe73303b0 flushing  nmethod 0x000002dbd3a3e890
Event: 11.585 Thread 0x000002dbe73303b0 flushing  nmethod 0x000002dbd3a3ee90

Events (20 events):
Event: 0.219 Loaded shared library C:\Program Files\Android\Android Studio1\jbr\bin\jimage.dll
Event: 0.339 Thread 0x000002dbe74cae70 Thread added: 0x000002dbec0c6bc0
Event: 1.393 Thread 0x000002dbec0c6bc0 Thread exited: 0x000002dbec0c6bc0
Event: 1.712 Thread 0x000002dbe74ef5e0 Thread added: 0x000002dbed947ba0
Event: 2.567 Thread 0x000002dbed947ba0 Thread exited: 0x000002dbed947ba0
Event: 8.451 Thread 0x000002dbe76f4100 Thread exited: 0x000002dbe76f4100
Event: 8.561 Thread 0x000002dbe74ef5e0 Thread added: 0x000002dbe76f40c0
Event: 14.278 Thread 0x000002dbe74ef5e0 Thread added: 0x000002dbef7395d0
Event: 14.668 Thread 0x000002dbef7395d0 Thread exited: 0x000002dbef7395d0
Event: 15.254 Thread 0x000002dbe76f40c0 Thread exited: 0x000002dbe76f40c0
Event: 15.271 Thread 0x000002dbe74ef5e0 Thread added: 0x000002dbef7395d0
Event: 15.493 Thread 0x000002dbef7395d0 Thread exited: 0x000002dbef7395d0
Event: 15.495 Thread 0x000002dbe74ef5e0 Thread added: 0x000002dbef73b110
Event: 16.730 Thread 0x000002dbef73b110 Thread exited: 0x000002dbef73b110
Event: 17.048 Thread 0x000002dbe74ef5e0 Thread added: 0x000002dbef73b110
Event: 17.059 Thread 0x000002dbe74ef5e0 Thread added: 0x000002dbef7395d0
Event: 17.529 Thread 0x000002dbef7395d0 Thread exited: 0x000002dbef7395d0
Event: 17.594 Thread 0x000002dbef73b110 Thread exited: 0x000002dbef73b110
Event: 17.715 Thread 0x000002dbe74cae70 Thread added: 0x000002dbef7395d0
Event: 17.764 Thread 0x000002dbe74ef5e0 Thread added: 0x000002dbef73b110


Dynamic libraries:
0x00007ff615540000 - 0x00007ff61554a000 	C:\Program Files\Android\Android Studio1\jbr\bin\java.exe
0x00007fff7b5f0000 - 0x00007fff7b7e8000 	C:\Windows\SYSTEM32\ntdll.dll
0x00007fff79a00000 - 0x00007fff79ac2000 	C:\Windows\System32\KERNEL32.DLL
0x00007fff79200000 - 0x00007fff794f7000 	C:\Windows\System32\KERNELBASE.dll
0x00007fff71a50000 - 0x00007fff71a68000 	C:\Program Files\Android\Android Studio1\jbr\bin\jli.dll
0x00007fff678f0000 - 0x00007fff6790b000 	C:\Program Files\Android\Android Studio1\jbr\bin\VCRUNTIME140.dll
0x00007fff79d00000 - 0x00007fff79e9d000 	C:\Windows\System32\USER32.dll
0x00007fff78ea0000 - 0x00007fff78ec2000 	C:\Windows\System32\win32u.dll
0x00007fff7a300000 - 0x00007fff7a32b000 	C:\Windows\System32\GDI32.dll
0x00007fff78c50000 - 0x00007fff78d69000 	C:\Windows\System32\gdi32full.dll
0x00007fff79160000 - 0x00007fff791fd000 	C:\Windows\System32\msvcp_win.dll
0x00007fff68930000 - 0x00007fff68bca000 	C:\Windows\WinSxS\amd64_microsoft.windows.common-controls_6595b64144ccf1df_6.0.19041.5915_none_60b4b9d171f9c7c7\COMCTL32.dll
0x00007fff78da0000 - 0x00007fff78ea0000 	C:\Windows\System32\ucrtbase.dll
0x00007fff7a520000 - 0x00007fff7a5be000 	C:\Windows\System32\msvcrt.dll
0x00007fff7a460000 - 0x00007fff7a48f000 	C:\Windows\System32\IMM32.DLL
0x00007fff70460000 - 0x00007fff7046c000 	C:\Program Files\Android\Android Studio1\jbr\bin\vcruntime140_1.dll
0x00007fff4bea0000 - 0x00007fff4bf2d000 	C:\Program Files\Android\Android Studio1\jbr\bin\msvcp140.dll
0x00007fff37e90000 - 0x00007fff38b1a000 	C:\Program Files\Android\Android Studio1\jbr\bin\server\jvm.dll
0x00007fff7a080000 - 0x00007fff7a131000 	C:\Windows\System32\ADVAPI32.dll
0x00007fff79eb0000 - 0x00007fff79f4f000 	C:\Windows\System32\sechost.dll
0x00007fff79b70000 - 0x00007fff79c96000 	C:\Windows\System32\RPCRT4.dll
0x00007fff78d70000 - 0x00007fff78d97000 	C:\Windows\System32\bcrypt.dll
0x00007fff79f50000 - 0x00007fff79fbb000 	C:\Windows\System32\WS2_32.dll
0x00007fff78190000 - 0x00007fff781db000 	C:\Windows\SYSTEM32\POWRPROF.dll
0x00007fff67890000 - 0x00007fff678b7000 	C:\Windows\SYSTEM32\WINMM.dll
0x00007fff738c0000 - 0x00007fff738ca000 	C:\Windows\SYSTEM32\VERSION.dll
0x00007fff78050000 - 0x00007fff78062000 	C:\Windows\SYSTEM32\UMPDC.dll
0x00007fff77460000 - 0x00007fff77472000 	C:\Windows\SYSTEM32\kernel.appcore.dll
0x00007fff678e0000 - 0x00007fff678ea000 	C:\Program Files\Android\Android Studio1\jbr\bin\jimage.dll
0x00007fff77140000 - 0x00007fff77341000 	C:\Windows\SYSTEM32\DBGHELP.DLL
0x00007fff718d0000 - 0x00007fff71904000 	C:\Windows\SYSTEM32\dbgcore.DLL
0x00007fff79550000 - 0x00007fff795d2000 	C:\Windows\System32\bcryptPrimitives.dll
0x00007fff678c0000 - 0x00007fff678e0000 	C:\Program Files\Android\Android Studio1\jbr\bin\java.dll
0x00007fff66b70000 - 0x00007fff66b88000 	C:\Program Files\Android\Android Studio1\jbr\bin\zip.dll
0x00007fff7ae10000 - 0x00007fff7b57e000 	C:\Windows\System32\SHELL32.dll
0x00007fff768d0000 - 0x00007fff77074000 	C:\Windows\SYSTEM32\windows.storage.dll
0x00007fff796a0000 - 0x00007fff799f3000 	C:\Windows\System32\combase.dll
0x00007fff78680000 - 0x00007fff786ab000 	C:\Windows\SYSTEM32\Wldp.dll
0x00007fff7aa30000 - 0x00007fff7aafd000 	C:\Windows\System32\OLEAUT32.dll
0x00007fff79fd0000 - 0x00007fff7a07d000 	C:\Windows\System32\SHCORE.dll
0x00007fff79640000 - 0x00007fff7969b000 	C:\Windows\System32\shlwapi.dll
0x00007fff78b80000 - 0x00007fff78ba4000 	C:\Windows\SYSTEM32\profapi.dll
0x00007fff65360000 - 0x00007fff65370000 	C:\Program Files\Android\Android Studio1\jbr\bin\net.dll
0x00007fff74e00000 - 0x00007fff74f0a000 	C:\Windows\SYSTEM32\WINHTTP.dll
0x00007fff783e0000 - 0x00007fff7844a000 	C:\Windows\system32\mswsock.dll
0x00007fff65340000 - 0x00007fff65356000 	C:\Program Files\Android\Android Studio1\jbr\bin\nio.dll
0x00007fff64eb0000 - 0x00007fff64ec0000 	C:\Program Files\Android\Android Studio1\jbr\bin\verify.dll

dbghelp: loaded successfully - version: 4.0.5 - missing functions: none
symbol engine: initialized successfully - sym options: 0x614 - pdb path: .;C:\Program Files\Android\Android Studio1\jbr\bin;C:\Windows\SYSTEM32;C:\Windows\WinSxS\amd64_microsoft.windows.common-controls_6595b64144ccf1df_6.0.19041.5915_none_60b4b9d171f9c7c7;C:\Program Files\Android\Android Studio1\jbr\bin\server

VM Arguments:
java_command: org.jetbrains.kotlin.cli.jvm.K2JVMCompiler @C:\Users\77012\AndroidStudioProjects\PlaylistMaker_db4_dialog\app\build\20250817_17839843043401194380.compiler.options
java_class_path (initial): C:\Users\77012\.gradle\caches\modules-2\files-2.1\org.jetbrains.kotlin\kotlin-compiler-embeddable\2.0.21\79346ed53db48b18312a472602eb5c057070c54d\kotlin-compiler-embeddable-2.0.21.jar;C:\Users\77012\.gradle\caches\modules-2\files-2.1\org.jetbrains.kotlin\kotlin-stdlib\2.0.21\618b539767b4899b4660a83006e052b63f1db551\kotlin-stdlib-2.0.21.jar;C:\Users\77012\.gradle\caches\modules-2\files-2.1\org.jetbrains.kotlin\kotlin-script-runtime\2.0.21\c9b044380ad41f89aa89aa896c2d32a8c0b2129d\kotlin-script-runtime-2.0.21.jar;C:\Users\77012\.gradle\caches\modules-2\files-2.1\org.jetbrains.kotlin\kotlin-reflect\1.6.10\1cbe9c92c12a94eea200d23c2bbaedaf3daf5132\kotlin-reflect-1.6.10.jar;C:\Users\77012\.gradle\caches\modules-2\files-2.1\org.jetbrains.kotlin\kotlin-daemon-embeddable\2.0.21\c9e933b23287de9b5a17e2116b4657bb91aea72c\kotlin-daemon-embeddable-2.0.21.jar;C:\Users\77012\.gradle\caches\modules-2\files-2.1\org.jetbrains.intellij.deps\trove4j\1.0.20200330\3afb14d5f9ceb459d724e907a21145e8ff394f02\trove4j-1.0.20200330.jar;C:\Users\77012\.gradle\caches\modules-2\files-2.1\org.jetbrains.kotlinx\kotlinx-coroutines-core-jvm\1.6.4\2c997cd1c0ef33f3e751d3831929aeff1390cb30\kotlinx-coroutines-core-jvm-1.6.4.jar;C:\Users\77012\.gradle\caches\modules-2\files-2.1\org.jetbrains\annotations\13.0\919f0dfe192fb4e063e7dacadee7f8bb9a2672a9\annotations-13.0.jar
Launcher Type: SUN_STANDARD

[Global flags]
     intx CICompilerCount                          = 4                                         {product} {ergonomic}
     uint ConcGCThreads                            = 2                                         {product} {ergonomic}
     uint G1ConcRefinementThreads                  = 8                                         {product} {ergonomic}
   size_t G1HeapRegionSize                         = 1048576                                   {product} {ergonomic}
    uintx GCDrainStackTargetSize                   = 64                                        {product} {ergonomic}
   size_t InitialHeapSize                          = 130023424                                 {product} {ergonomic}
   size_t MarkStackSize                            = 4194304                                   {product} {ergonomic}
   size_t MaxHeapSize                              = 2063597568                                {product} {ergonomic}
   size_t MaxNewSize                               = 1237319680                                {product} {ergonomic}
   size_t MinHeapDeltaBytes                        = 1048576                                   {product} {ergonomic}
   size_t MinHeapSize                              = 8388608                                   {product} {ergonomic}
    uintx NonNMethodCodeHeapSize                   = 5839372                                {pd product} {ergonomic}
    uintx NonProfiledCodeHeapSize                  = 122909434                              {pd product} {ergonomic}
    uintx ProfiledCodeHeapSize                     = 122909434                              {pd product} {ergonomic}
    uintx ReservedCodeCacheSize                    = 251658240                              {pd product} {ergonomic}
     bool SegmentedCodeCache                       = true                                      {product} {ergonomic}
   size_t SoftMaxHeapSize                          = 2063597568                             {manageable} {ergonomic}
     bool UseCompressedOops                        = true                           {product lp64_product} {ergonomic}
     bool UseG1GC                                  = true                                      {product} {ergonomic}
     bool UseLargePagesIndividualAllocation        = false                                  {pd product} {ergonomic}

Logging:
Log output configuration:
 #0: stdout all=warning uptime,level,tags foldmultilines=false
 #1: stderr all=off uptime,level,tags foldmultilines=false

Environment Variables:
JAVA_HOME=C:\Program Files\Java\jdk-21
PATH=C:\Program Files\Eclipse Adoptium\jdk-11.0.20.8-hotspot\bin;C:\Program Files\Common Files\Oracle\Java\javapath;C:\Windows\system32;C:\Windows;C:\Windows\System32\Wbem;C:\Windows\System32\WindowsPowerShell\v1.0\;C:\Windows\System32\OpenSSH\;C:\Program Files\Gemalto\Classic Client\BIN;C:\Program Files (x86)\Gemalto\Classic Client\BIN;C:\Program Files (x86)\IDEMIA\AWP\Dlls;C:\Program Files\IDEMIA\AWP\Dlls;C:\Program Files (x86)\eParaksts Token Signing\;C:\Program Files\Java\jdk-21\bin;C:\Program Files\Git\cmd;C:\Users\77012\AppData\Local\Microsoft\WindowsApps;C:\Users\77012\AppData\Local\JetBrains\Toolbox\scripts;
USERNAME=77012
OS=Windows_NT
PROCESSOR_IDENTIFIER=Intel64 Family 6 Model 140 Stepping 1, GenuineIntel
TMP=C:\Users\77012\AppData\Local\Temp
TEMP=C:\Users\77012\AppData\Local\Temp




Periodic native trim disabled

JNI global refs:
JNI global refs: 12, weak refs: 0

JNI global refs memory usage: 835, weak refs: 833

Process memory usage:
Resident Set Size: 359196K (4% of 8060060K total physical memory with 1064568K free physical memory)

OOME stack traces (most recent first):
Classloader memory used:
Loader jdk.internal.loader.ClassLoaders$AppClassLoader                                 : 57494K
Loader bootstrap                                                                       : 13470K
Loader java.net.URLClassLoader                                                         : 325K
Loader jdk.internal.loader.ClassLoaders$PlatformClassLoader                            : 19376B

---------------  S Y S T E M  ---------------

OS:
 Windows 10 , 64 bit Build 19041 (10.0.19041.5915)
OS uptime: 0 days 8:36 hours

CPU: total 8 (initial active 8) (4 cores per cpu, 2 threads per core) family 6 model 140 stepping 1 microcode 0x86, cx8, cmov, fxsr, ht, mmx, 3dnowpref, sse, sse2, sse3, ssse3, sse4.1, sse4.2, popcnt, lzcnt, tsc, tscinvbit, avx, avx2, aes, erms, clmul, bmi1, bmi2, adx, avx512f, avx512dq, avx512cd, avx512bw, avx512vl, sha, fma, vzeroupper, avx512_vpopcntdq, avx512_vpclmulqdq, avx512_vaes, avx512_vnni, clflush, clflushopt, clwb, avx512_vbmi2, avx512_vbmi, rdtscp, rdpid, fsrm, gfni, avx512_bitalg, f16c, pku, cet_ibt, cet_ss, avx512_ifma
Processor Information for all 8 processors :
  Max Mhz: 3110, Current Mhz: 3110, Mhz Limit: 3110

Memory: 4k page, system-wide physical 7871M (1050M free)
TotalPageFile size 32447M (AvailPageFile size 23M)
current process WorkingSet (physical memory assigned to process): 351M, peak: 381M
current process commit charge ("private bytes"): 415M, peak: 433M

vm_info: OpenJDK 64-Bit Server VM (21.0.5+-13047016-b750.29) for windows-amd64 JRE (21.0.5+-13047016-b750.29), built on 2025-02-11T21:12:39Z by "builder" with MS VC++ 16.10 / 16.11 (VS2019)

END.
